python : EEF
At line:1 char:1
+ python tests/test_clean_markdown.py > 
test_output.txt 2>&1
+ ~~~~~~~~~~~~~~~~~~~~~~~~~~~~~~~~~~~~~~~~~~~~~~~~~~~~~
~~~~~
    + CategoryInfo          : NotSpecified: (EEF:Strin 
   g) [], RemoteException
    + FullyQualifiedErrorId : NativeCommandError
 
=======================================================
===============
ERROR: test_filename_and_frontmatter (__main__.TestClea
nMarkdown.test_filename_and_frontmatter)
-------------------------------------------------------
---------------
Traceback (most recent call last):
  File 
"D:\COde\text-to-speech\tests\test_clean_markdown.py", 
line 34, in test_filename_and_frontmatter
    cleaned = clean_markdown(content, 
filename="Doc.md")
              
^^^^^^^^^^^^^^^^^^^^^^^^^^^^^^^^^^^^^^^^^^
TypeError: clean_markdown() got an unexpected keyword 
argument 'filename'

=======================================================
===============
ERROR: test_filename_insertion 
(__main__.TestCleanMarkdown.test_filename_insertion)
-------------------------------------------------------
---------------
Traceback (most recent call last):
  File 
"D:\COde\text-to-speech\tests\test_clean_markdown.py", 
line 24, in test_filename_insertion
    cleaned = clean_markdown(content, 
filename=filename)
              
^^^^^^^^^^^^^^^^^^^^^^^^^^^^^^^^^^^^^^^^^^
TypeError: clean_markdown() got an unexpected keyword 
argument 'filename'

=======================================================
===============
FAIL: test_frontmatter_removal 
(__main__.TestCleanMarkdown.test_frontmatter_removal)
-------------------------------------------------------
---------------
Traceback (most recent call last):
  File 
"D:\COde\text-to-speech\tests\test_clean_markdown.py", 
line 17, in test_frontmatter_removal
    self.assertNotIn("title: Test Document", cleaned)
AssertionError: 'title: Test Document' unexpectedly 
found in '---\ntitle: Test Document\nauthor: 
Me\n---\nActual Content\nThis is the content.'

-------------------------------------------------------
---------------
Ran 3 tests in 0.002s

FAILED (failures=1, errors=2)
